
> techathon_3.0@0.1.0 build
> next build

Γû▓ Next.js 16.1.6 (Turbopack)

  Creating an optimized production build ...
Γ£ô Compiled successfully in 9.5s
  Running TypeScript ...
  Collecting page data using 3 workers ...
  Generating static pages using 3 workers (0/6) ...
node.exe : Error occurred 
prerendering page 
"/dashboard". Read more: http
s://nextjs.org/docs/messages/
prerender-error
At C:\Program 
Files\nodejs\npm.ps1:29 
char:3
+   & $NODE_EXE $NPM_CLI_JS 
$args
+   
~~~~~~~~~~~~~~~~~~~~~~~~~~~~~
    + CategoryInfo           
   : NotSpecified: (Error o  
  ccurred ...prerender-err   
 or:String) [], RemoteExc    
eption
    + FullyQualifiedErrorId  
   : NativeCommandError
 
Error: The default export is 
not a React Component in 
"/dashboard/layout"
    at ignore-listed frames
Export encountered an error 
on /dashboard/page: 
/dashboard, exiting the 
build.
Γ¿» Next.js build worker 
exited with code: 1 and 
signal: null
